// Jest Snapshot v1, https://goo.gl/fbAQLP

exports[`App has a valid shapshot 1`] = `null`;
